Component: ARM Compiler 5.06 update 5 (build 528) Tool: armlink [4d35e2]

==============================================================================

Section Cross References

    startup_stm32f10x_md.o(RESET) refers to startup_stm32f10x_md.o(STACK) for __initial_sp
    startup_stm32f10x_md.o(RESET) refers to startup_stm32f10x_md.o(.text) for Reset_Handler
    startup_stm32f10x_md.o(RESET) refers to stm32f10x_it.o(.text) for NMI_Handler
    startup_stm32f10x_md.o(.text) refers to system_stm32f10x.o(.text) for SystemInit
    startup_stm32f10x_md.o(.text) refers to entry.o(.ARM.Collect$$$$00000000) for __main
    system_stm32f10x.o(.text) refers to system_stm32f10x.o(.data) for SystemCoreClock
    stm32f10x_adc.o(.text) refers to stm32f10x_rcc.o(.text) for RCC_APB2PeriphResetCmd
    stm32f10x_bkp.o(.text) refers to stm32f10x_rcc.o(.text) for RCC_BackupResetCmd
    stm32f10x_can.o(.text) refers to stm32f10x_rcc.o(.text) for RCC_APB1PeriphResetCmd
    stm32f10x_cec.o(.text) refers to stm32f10x_rcc.o(.text) for RCC_APB1PeriphResetCmd
    stm32f10x_dac.o(.text) refers to stm32f10x_rcc.o(.text) for RCC_APB1PeriphResetCmd
    stm32f10x_gpio.o(.text) refers to stm32f10x_rcc.o(.text) for RCC_APB2PeriphResetCmd
    stm32f10x_i2c.o(.text) refers to stm32f10x_rcc.o(.text) for RCC_APB1PeriphResetCmd
    stm32f10x_pwr.o(.text) refers to stm32f10x_rcc.o(.text) for RCC_APB1PeriphResetCmd
    stm32f10x_rcc.o(.text) refers to stm32f10x_rcc.o(.data) for APBAHBPrescTable
    stm32f10x_spi.o(.text) refers to stm32f10x_rcc.o(.text) for RCC_APB2PeriphResetCmd
    stm32f10x_tim.o(.text) refers to stm32f10x_rcc.o(.text) for RCC_APB2PeriphResetCmd
    stm32f10x_usart.o(.text) refers to stm32f10x_rcc.o(.text) for RCC_APB2PeriphResetCmd
    stm32f10x_wwdg.o(.text) refers to stm32f10x_rcc.o(.text) for RCC_APB1PeriphResetCmd
    main.o(.text) refers to bsp_oled.o(.text) for OLED_ShowNum
    main.o(.text) refers to delay.o(.text) for delay_init
    main.o(.text) refers to bsp_led.o(.text) for LED_GPIO_Config
    main.o(.text) refers to key.o(.text) for KEY_Init
    main.o(.text) refers to beep.o(.text) for BEEP_Init
    main.o(.text) refers to bsp_timbase.o(.text) for NVIC_Configuration
    main.o(.text) refers to ds1302.o(.text) for ds1032_read_realTime
    main.o(.text) refers to dht11.o(.text) for DHT11_Init
    main.o(.text) refers to stm32f10x_gpio.o(.text) for GPIO_ReadInputDataBit
    main.o(.text) refers to main.o(.data) for y
    main.o(.text) refers to ds1302.o(.data) for TimeData
    stm32f10x_it.o(.text) refers to stm32f10x_tim.o(.text) for TIM_GetITStatus
    stm32f10x_it.o(.text) refers to stm32f10x_gpio.o(.text) for GPIO_SetBits
    stm32f10x_it.o(.text) refers to main.o(.data) for DHT11_Read_6s_num
    bsp_led.o(.text) refers to stm32f10x_rcc.o(.text) for RCC_APB2PeriphClockCmd
    bsp_led.o(.text) refers to stm32f10x_gpio.o(.text) for GPIO_Init
    bsp_timbase.o(.text) refers to stm32f10x_rcc.o(.text) for RCC_APB1PeriphClockCmd
    bsp_timbase.o(.text) refers to stm32f10x_tim.o(.text) for TIM_DeInit
    bsp_timbase.o(.text) refers to misc.o(.text) for NVIC_PriorityGroupConfig
    delay.o(.text) refers to misc.o(.text) for SysTick_CLKSourceConfig
    delay.o(.text) refers to system_stm32f10x.o(.data) for SystemCoreClock
    delay.o(.text) refers to delay.o(.data) for fac_us
    bsp_oled.o(.text) refers to stm32f10x_gpio.o(.text) for GPIO_SetBits
    bsp_oled.o(.text) refers to main.o(.constdata) for F8X16
    bsp_oled.o(.text) refers to main.o(.bss) for OLED_GRAM
    bsp_oled.o(.text) refers to stm32f10x_rcc.o(.text) for RCC_APB2PeriphClockCmd
    bsp_oled.o(.text) refers to main.o(.data) for Hzk1
    ds1302.o(.text) refers to stm32f10x_rcc.o(.text) for RCC_APB2PeriphClockCmd
    ds1302.o(.text) refers to stm32f10x_gpio.o(.text) for GPIO_Init
    ds1302.o(.text) refers to delay.o(.text) for delay_us
    ds1302.o(.text) refers to bsp_oled.o(.text) for OLED_ShowChinese
    ds1302.o(.text) refers to ds1302.o(.data) for time_buf
    ds1302.o(.text) refers to main.o(.data) for temperature
    dht11.o(.text) refers to stm32f10x_rcc.o(.text) for RCC_APB2PeriphClockCmd
    dht11.o(.text) refers to stm32f10x_gpio.o(.text) for GPIO_Init
    dht11.o(.text) refers to delay.o(.text) for delay_ms
    key.o(.text) refers to stm32f10x_rcc.o(.text) for RCC_APB2PeriphClockCmd
    key.o(.text) refers to stm32f10x_gpio.o(.text) for GPIO_Init
    beep.o(.text) refers to stm32f10x_rcc.o(.text) for RCC_APB2PeriphClockCmd
    beep.o(.text) refers to stm32f10x_gpio.o(.text) for GPIO_Init
    entry.o(.ARM.Collect$$$$00000000) refers (Special) to entry10a.o(.ARM.Collect$$$$0000000D) for __rt_final_cpp
    entry.o(.ARM.Collect$$$$00000000) refers (Special) to entry11a.o(.ARM.Collect$$$$0000000F) for __rt_final_exit
    entry.o(.ARM.Collect$$$$00000000) refers (Special) to entry7b.o(.ARM.Collect$$$$00000008) for _main_clock
    entry.o(.ARM.Collect$$$$00000000) refers (Special) to entry8b.o(.ARM.Collect$$$$0000000A) for _main_cpp_init
    entry.o(.ARM.Collect$$$$00000000) refers (Special) to entry9a.o(.ARM.Collect$$$$0000000B) for _main_init
    entry.o(.ARM.Collect$$$$00000000) refers (Special) to entry5.o(.ARM.Collect$$$$00000004) for _main_scatterload
    entry.o(.ARM.Collect$$$$00000000) refers (Special) to entry2.o(.ARM.Collect$$$$00000001) for _main_stk
    entry2.o(.ARM.Collect$$$$00000001) refers to entry2.o(.ARM.Collect$$$$00002712) for __lit__00000000
    entry2.o(.ARM.Collect$$$$00002712) refers to startup_stm32f10x_md.o(STACK) for __initial_sp
    entry2.o(__vectab_stack_and_reset_area) refers to startup_stm32f10x_md.o(STACK) for __initial_sp
    entry2.o(__vectab_stack_and_reset_area) refers to entry.o(.ARM.Collect$$$$00000000) for __main
    entry5.o(.ARM.Collect$$$$00000004) refers to init.o(.text) for __scatterload
    entry9a.o(.ARM.Collect$$$$0000000B) refers to main.o(.text) for main
    entry9b.o(.ARM.Collect$$$$0000000C) refers to main.o(.text) for main
    init.o(.text) refers to entry5.o(.ARM.Collect$$$$00000004) for __main_after_scatterload


==============================================================================

Removing Unused input sections from the image.

    Removing startup_stm32f10x_md.o(HEAP), (512 bytes).
    Removing core_cm3.o(.emb_text), (32 bytes).
    Removing stm32f10x_adc.o(.text), (1102 bytes).
    Removing stm32f10x_bkp.o(.text), (196 bytes).
    Removing stm32f10x_can.o(.text), (2544 bytes).
    Removing stm32f10x_cec.o(.text), (288 bytes).
    Removing stm32f10x_crc.o(.text), (72 bytes).
    Removing stm32f10x_dac.o(.text), (396 bytes).
    Removing stm32f10x_dbgmcu.o(.text), (48 bytes).
    Removing stm32f10x_dma.o(.text), (596 bytes).
    Removing stm32f10x_exti.o(.text), (284 bytes).
    Removing stm32f10x_flash.o(.text), (1468 bytes).
    Removing stm32f10x_fsmc.o(.text), (1548 bytes).
    Removing stm32f10x_i2c.o(.text), (1028 bytes).
    Removing stm32f10x_iwdg.o(.text), (64 bytes).
    Removing stm32f10x_pwr.o(.text), (204 bytes).
    Removing stm32f10x_rtc.o(.text), (328 bytes).
    Removing stm32f10x_sdio.o(.text), (468 bytes).
    Removing stm32f10x_spi.o(.text), (780 bytes).
    Removing stm32f10x_usart.o(.text), (1032 bytes).
    Removing stm32f10x_wwdg.o(.text), (136 bytes).
    Removing sys.o(.text), (12 bytes).

22 unused section(s) (total 13138 bytes) removed from the image.

==============================================================================

Image Symbol Table

    Local Symbols

    Symbol Name                              Value     Ov Type        Size  Object(Section)

    ../clib/../cmprslib/zerorunl2.c          0x00000000   Number         0  __dczerorl2.o ABSOLUTE
    ../clib/microlib/init/entry.s            0x00000000   Number         0  entry7b.o ABSOLUTE
    ../clib/microlib/init/entry.s            0x00000000   Number         0  entry8b.o ABSOLUTE
    ../clib/microlib/init/entry.s            0x00000000   Number         0  entry2.o ABSOLUTE
    ../clib/microlib/init/entry.s            0x00000000   Number         0  entry8a.o ABSOLUTE
    ../clib/microlib/init/entry.s            0x00000000   Number         0  entry11b.o ABSOLUTE
    ../clib/microlib/init/entry.s            0x00000000   Number         0  entry10a.o ABSOLUTE
    ../clib/microlib/init/entry.s            0x00000000   Number         0  entry11a.o ABSOLUTE
    ../clib/microlib/init/entry.s            0x00000000   Number         0  entry9b.o ABSOLUTE
    ../clib/microlib/init/entry.s            0x00000000   Number         0  entry7a.o ABSOLUTE
    ../clib/microlib/init/entry.s            0x00000000   Number         0  entry10b.o ABSOLUTE
    ../clib/microlib/init/entry.s            0x00000000   Number         0  entry9a.o ABSOLUTE
    ../clib/microlib/init/entry.s            0x00000000   Number         0  entry5.o ABSOLUTE
    ../clib/microlib/init/entry.s            0x00000000   Number         0  entry.o ABSOLUTE
    ..\Libraries\CMSIS\core_cm3.c            0x00000000   Number         0  core_cm3.o ABSOLUTE
    ..\Libraries\CMSIS\startup\startup_stm32f10x_md.s 0x00000000   Number         0  startup_stm32f10x_md.o ABSOLUTE
    ..\Libraries\CMSIS\system_stm32f10x.c    0x00000000   Number         0  system_stm32f10x.o ABSOLUTE
    ..\Libraries\STM32F10x_StdPeriph_Driver\src\misc.c 0x00000000   Number         0  misc.o ABSOLUTE
    ..\Libraries\STM32F10x_StdPeriph_Driver\src\stm32f10x_adc.c 0x00000000   Number         0  stm32f10x_adc.o ABSOLUTE
    ..\Libraries\STM32F10x_StdPeriph_Driver\src\stm32f10x_bkp.c 0x00000000   Number         0  stm32f10x_bkp.o ABSOLUTE
    ..\Libraries\STM32F10x_StdPeriph_Driver\src\stm32f10x_can.c 0x00000000   Number         0  stm32f10x_can.o ABSOLUTE
    ..\Libraries\STM32F10x_StdPeriph_Driver\src\stm32f10x_cec.c 0x00000000   Number         0  stm32f10x_cec.o ABSOLUTE
    ..\Libraries\STM32F10x_StdPeriph_Driver\src\stm32f10x_crc.c 0x00000000   Number         0  stm32f10x_crc.o ABSOLUTE
    ..\Libraries\STM32F10x_StdPeriph_Driver\src\stm32f10x_dac.c 0x00000000   Number         0  stm32f10x_dac.o ABSOLUTE
    ..\Libraries\STM32F10x_StdPeriph_Driver\src\stm32f10x_dbgmcu.c 0x00000000   Number         0  stm32f10x_dbgmcu.o ABSOLUTE
    ..\Libraries\STM32F10x_StdPeriph_Driver\src\stm32f10x_dma.c 0x00000000   Number         0  stm32f10x_dma.o ABSOLUTE
    ..\Libraries\STM32F10x_StdPeriph_Driver\src\stm32f10x_exti.c 0x00000000   Number         0  stm32f10x_exti.o ABSOLUTE
    ..\Libraries\STM32F10x_StdPeriph_Driver\src\stm32f10x_flash.c 0x00000000   Number         0  stm32f10x_flash.o ABSOLUTE
    ..\Libraries\STM32F10x_StdPeriph_Driver\src\stm32f10x_fsmc.c 0x00000000   Number         0  stm32f10x_fsmc.o ABSOLUTE
    ..\Libraries\STM32F10x_StdPeriph_Driver\src\stm32f10x_gpio.c 0x00000000   Number         0  stm32f10x_gpio.o ABSOLUTE
    ..\Libraries\STM32F10x_StdPeriph_Driver\src\stm32f10x_i2c.c 0x00000000   Number         0  stm32f10x_i2c.o ABSOLUTE
    ..\Libraries\STM32F10x_StdPeriph_Driver\src\stm32f10x_iwdg.c 0x00000000   Number         0  stm32f10x_iwdg.o ABSOLUTE
    ..\Libraries\STM32F10x_StdPeriph_Driver\src\stm32f10x_pwr.c 0x00000000   Number         0  stm32f10x_pwr.o ABSOLUTE
    ..\Libraries\STM32F10x_StdPeriph_Driver\src\stm32f10x_rcc.c 0x00000000   Number         0  stm32f10x_rcc.o ABSOLUTE
    ..\Libraries\STM32F10x_StdPeriph_Driver\src\stm32f10x_rtc.c 0x00000000   Number         0  stm32f10x_rtc.o ABSOLUTE
    ..\Libraries\STM32F10x_StdPeriph_Driver\src\stm32f10x_sdio.c 0x00000000   Number         0  stm32f10x_sdio.o ABSOLUTE
    ..\Libraries\STM32F10x_StdPeriph_Driver\src\stm32f10x_spi.c 0x00000000   Number         0  stm32f10x_spi.o ABSOLUTE
    ..\Libraries\STM32F10x_StdPeriph_Driver\src\stm32f10x_tim.c 0x00000000   Number         0  stm32f10x_tim.o ABSOLUTE
    ..\Libraries\STM32F10x_StdPeriph_Driver\src\stm32f10x_usart.c 0x00000000   Number         0  stm32f10x_usart.o ABSOLUTE
    ..\Libraries\STM32F10x_StdPeriph_Driver\src\stm32f10x_wwdg.c 0x00000000   Number         0  stm32f10x_wwdg.o ABSOLUTE
    ..\User\DHT11\dht11.c                    0x00000000   Number         0  dht11.o ABSOLUTE
    ..\User\KEY\key.c                        0x00000000   Number         0  key.o ABSOLUTE
    ..\User\OLED\bsp_oled.c                  0x00000000   Number         0  bsp_oled.o ABSOLUTE
    ..\User\Timbase\bsp_Timbase.c            0x00000000   Number         0  bsp_timbase.o ABSOLUTE
    ..\User\beep\beep.c                      0x00000000   Number         0  beep.o ABSOLUTE
    ..\User\delay\delay.c                    0x00000000   Number         0  delay.o ABSOLUTE
    ..\User\ds1302\ds1302.c                  0x00000000   Number         0  ds1302.o ABSOLUTE
    ..\User\led\bsp_led.c                    0x00000000   Number         0  bsp_led.o ABSOLUTE
    ..\User\main.c                           0x00000000   Number         0  main.o ABSOLUTE
    ..\User\stm32f10x_it.c                   0x00000000   Number         0  stm32f10x_it.o ABSOLUTE
    ..\User\sys\sys.c                        0x00000000   Number         0  sys.o ABSOLUTE
    ..\\Libraries\\CMSIS\\core_cm3.c         0x00000000   Number         0  core_cm3.o ABSOLUTE
    dc.s                                     0x00000000   Number         0  dc.o ABSOLUTE
    handlers.s                               0x00000000   Number         0  handlers.o ABSOLUTE
    init.s                                   0x00000000   Number         0  init.o ABSOLUTE
    RESET                                    0x08000000   Section      236  startup_stm32f10x_md.o(RESET)
    .ARM.Collect$$$$00000000                 0x080000ec   Section        0  entry.o(.ARM.Collect$$$$00000000)
    .ARM.Collect$$$$00000001                 0x080000ec   Section        4  entry2.o(.ARM.Collect$$$$00000001)
    .ARM.Collect$$$$00000004                 0x080000f0   Section        4  entry5.o(.ARM.Collect$$$$00000004)
    .ARM.Collect$$$$00000008                 0x080000f4   Section        0  entry7b.o(.ARM.Collect$$$$00000008)
    .ARM.Collect$$$$0000000A                 0x080000f4   Section        0  entry8b.o(.ARM.Collect$$$$0000000A)
    .ARM.Collect$$$$0000000B                 0x080000f4   Section        8  entry9a.o(.ARM.Collect$$$$0000000B)
    .ARM.Collect$$$$0000000D                 0x080000fc   Section        0  entry10a.o(.ARM.Collect$$$$0000000D)
    .ARM.Collect$$$$0000000F                 0x080000fc   Section        0  entry11a.o(.ARM.Collect$$$$0000000F)
    .ARM.Collect$$$$00002712                 0x080000fc   Section        4  entry2.o(.ARM.Collect$$$$00002712)
    __lit__00000000                          0x080000fc   Data           4  entry2.o(.ARM.Collect$$$$00002712)
    .text                                    0x08000100   Section       36  startup_stm32f10x_md.o(.text)
    .text                                    0x08000124   Section        0  system_stm32f10x.o(.text)
    SetSysClockTo72                          0x08000125   Thumb Code   214  system_stm32f10x.o(.text)
    SetSysClock                              0x080001fb   Thumb Code     8  system_stm32f10x.o(.text)
    .text                                    0x08000304   Section        0  misc.o(.text)
    .text                                    0x080003e0   Section        0  stm32f10x_gpio.o(.text)
    .text                                    0x0800073c   Section        0  stm32f10x_rcc.o(.text)
    .text                                    0x08000ae0   Section        0  stm32f10x_tim.o(.text)
    TI4_Config                               0x08000f87   Thumb Code   130  stm32f10x_tim.o(.text)
    TI3_Config                               0x0800101b   Thumb Code   122  stm32f10x_tim.o(.text)
    TI2_Config                               0x080010af   Thumb Code   130  stm32f10x_tim.o(.text)
    TI1_Config                               0x08001143   Thumb Code   108  stm32f10x_tim.o(.text)
    .text                                    0x080018fc   Section        0  main.o(.text)
    .text                                    0x08001d28   Section        0  stm32f10x_it.o(.text)
    .text                                    0x08001f24   Section        0  bsp_led.o(.text)
    .text                                    0x08001fa0   Section        0  bsp_timbase.o(.text)
    .text                                    0x08002020   Section        0  delay.o(.text)
    .text                                    0x080020f4   Section        0  bsp_oled.o(.text)
    .text                                    0x0800281c   Section        0  ds1302.o(.text)
    .text                                    0x080030ac   Section        0  dht11.o(.text)
    .text                                    0x0800323c   Section        0  key.o(.text)
    .text                                    0x080032a4   Section        0  beep.o(.text)
    .text                                    0x080032dc   Section       36  init.o(.text)
    .text                                    0x08003300   Section        0  __dczerorl2.o(.text)
    i.__scatterload_copy                     0x08003356   Section       14  handlers.o(i.__scatterload_copy)
    i.__scatterload_null                     0x08003364   Section        2  handlers.o(i.__scatterload_null)
    i.__scatterload_zeroinit                 0x08003366   Section       14  handlers.o(i.__scatterload_zeroinit)
    .constdata                               0x08003374   Section     2072  main.o(.constdata)
    .data                                    0x20000000   Section       20  system_stm32f10x.o(.data)
    .data                                    0x20000014   Section       20  stm32f10x_rcc.o(.data)
    APBAHBPrescTable                         0x20000014   Data          16  stm32f10x_rcc.o(.data)
    ADCPrescTable                            0x20000024   Data           4  stm32f10x_rcc.o(.data)
    .data                                    0x20000028   Section     2368  main.o(.data)
    .data                                    0x20000968   Section        4  delay.o(.data)
    fac_us                                   0x20000968   Data           1  delay.o(.data)
    fac_ms                                   0x2000096a   Data           2  delay.o(.data)
    .data                                    0x2000096c   Section       23  ds1302.o(.data)
    .bss                                     0x20000984   Section     1152  main.o(.bss)
    STACK                                    0x20000e08   Section     1024  startup_stm32f10x_md.o(STACK)

    Global Symbols

    Symbol Name                              Value     Ov Type        Size  Object(Section)

    BuildAttributes$$THM_ISAv4$P$D$K$B$S$PE$A:L22UL41UL21$X:L11$S22US41US21$IEEE1$IW$USESV6$~STKCKD$USESV7$~SHL$OSPACE$EBA8$MICROLIB$REQ8$PRES8$EABIv2 0x00000000   Number         0  anon$$obj.o ABSOLUTE
    __ARM_use_no_argv                        0x00000000   Number         0  main.o ABSOLUTE
    __cpp_initialize__aeabi_                  - Undefined Weak Reference
    __cxa_finalize                            - Undefined Weak Reference
    _clock_init                               - Undefined Weak Reference
    _microlib_exit                            - Undefined Weak Reference
    __Vectors_Size                           0x000000ec   Number         0  startup_stm32f10x_md.o ABSOLUTE
    __Vectors                                0x08000000   Data           4  startup_stm32f10x_md.o(RESET)
    __Vectors_End                            0x080000ec   Data           0  startup_stm32f10x_md.o(RESET)
    __main                                   0x080000ed   Thumb Code     0  entry.o(.ARM.Collect$$$$00000000)
    _main_stk                                0x080000ed   Thumb Code     0  entry2.o(.ARM.Collect$$$$00000001)
    _main_scatterload                        0x080000f1   Thumb Code     0  entry5.o(.ARM.Collect$$$$00000004)
    __main_after_scatterload                 0x080000f5   Thumb Code     0  entry5.o(.ARM.Collect$$$$00000004)
    _main_clock                              0x080000f5   Thumb Code     0  entry7b.o(.ARM.Collect$$$$00000008)
    _main_cpp_init                           0x080000f5   Thumb Code     0  entry8b.o(.ARM.Collect$$$$0000000A)
    _main_init                               0x080000f5   Thumb Code     0  entry9a.o(.ARM.Collect$$$$0000000B)
    __rt_final_cpp                           0x080000fd   Thumb Code     0  entry10a.o(.ARM.Collect$$$$0000000D)
    __rt_final_exit                          0x080000fd   Thumb Code     0  entry11a.o(.ARM.Collect$$$$0000000F)
    Reset_Handler                            0x08000101   Thumb Code     8  startup_stm32f10x_md.o(.text)
    ADC1_2_IRQHandler                        0x0800011b   Thumb Code     0  startup_stm32f10x_md.o(.text)
    CAN1_RX1_IRQHandler                      0x0800011b   Thumb Code     0  startup_stm32f10x_md.o(.text)
    CAN1_SCE_IRQHandler                      0x0800011b   Thumb Code     0  startup_stm32f10x_md.o(.text)
    DMA1_Channel1_IRQHandler                 0x0800011b   Thumb Code     0  startup_stm32f10x_md.o(.text)
    DMA1_Channel2_IRQHandler                 0x0800011b   Thumb Code     0  startup_stm32f10x_md.o(.text)
    DMA1_Channel3_IRQHandler                 0x0800011b   Thumb Code     0  startup_stm32f10x_md.o(.text)
    DMA1_Channel4_IRQHandler                 0x0800011b   Thumb Code     0  startup_stm32f10x_md.o(.text)
    DMA1_Channel5_IRQHandler                 0x0800011b   Thumb Code     0  startup_stm32f10x_md.o(.text)
    DMA1_Channel6_IRQHandler                 0x0800011b   Thumb Code     0  startup_stm32f10x_md.o(.text)
    DMA1_Channel7_IRQHandler                 0x0800011b   Thumb Code     0  startup_stm32f10x_md.o(.text)
    EXTI0_IRQHandler                         0x0800011b   Thumb Code     0  startup_stm32f10x_md.o(.text)
    EXTI15_10_IRQHandler                     0x0800011b   Thumb Code     0  startup_stm32f10x_md.o(.text)
    EXTI1_IRQHandler                         0x0800011b   Thumb Code     0  startup_stm32f10x_md.o(.text)
    EXTI2_IRQHandler                         0x0800011b   Thumb Code     0  startup_stm32f10x_md.o(.text)
    EXTI3_IRQHandler                         0x0800011b   Thumb Code     0  startup_stm32f10x_md.o(.text)
    EXTI4_IRQHandler                         0x0800011b   Thumb Code     0  startup_stm32f10x_md.o(.text)
    EXTI9_5_IRQHandler                       0x0800011b   Thumb Code     0  startup_stm32f10x_md.o(.text)
    FLASH_IRQHandler                         0x0800011b   Thumb Code     0  startup_stm32f10x_md.o(.text)
    I2C1_ER_IRQHandler                       0x0800011b   Thumb Code     0  startup_stm32f10x_md.o(.text)
    I2C1_EV_IRQHandler                       0x0800011b   Thumb Code     0  startup_stm32f10x_md.o(.text)
    I2C2_ER_IRQHandler                       0x0800011b   Thumb Code     0  startup_stm32f10x_md.o(.text)
    I2C2_EV_IRQHandler                       0x0800011b   Thumb Code     0  startup_stm32f10x_md.o(.text)
    PVD_IRQHandler                           0x0800011b   Thumb Code     0  startup_stm32f10x_md.o(.text)
    RCC_IRQHandler                           0x0800011b   Thumb Code     0  startup_stm32f10x_md.o(.text)
    RTCAlarm_IRQHandler                      0x0800011b   Thumb Code     0  startup_stm32f10x_md.o(.text)
    RTC_IRQHandler                           0x0800011b   Thumb Code     0  startup_stm32f10x_md.o(.text)
    SPI1_IRQHandler                          0x0800011b   Thumb Code     0  startup_stm32f10x_md.o(.text)
    SPI2_IRQHandler                          0x0800011b   Thumb Code     0  startup_stm32f10x_md.o(.text)
    TAMPER_IRQHandler                        0x0800011b   Thumb Code     0  startup_stm32f10x_md.o(.text)
    TIM1_BRK_IRQHandler                      0x0800011b   Thumb Code     0  startup_stm32f10x_md.o(.text)
    TIM1_CC_IRQHandler                       0x0800011b   Thumb Code     0  startup_stm32f10x_md.o(.text)
    TIM1_TRG_COM_IRQHandler                  0x0800011b   Thumb Code     0  startup_stm32f10x_md.o(.text)
    TIM1_UP_IRQHandler                       0x0800011b   Thumb Code     0  startup_stm32f10x_md.o(.text)
    TIM2_IRQHandler                          0x0800011b   Thumb Code     0  startup_stm32f10x_md.o(.text)
    TIM3_IRQHandler                          0x0800011b   Thumb Code     0  startup_stm32f10x_md.o(.text)
    USART1_IRQHandler                        0x0800011b   Thumb Code     0  startup_stm32f10x_md.o(.text)
    USART2_IRQHandler                        0x0800011b   Thumb Code     0  startup_stm32f10x_md.o(.text)
    USART3_IRQHandler                        0x0800011b   Thumb Code     0  startup_stm32f10x_md.o(.text)
    USBWakeUp_IRQHandler                     0x0800011b   Thumb Code     0  startup_stm32f10x_md.o(.text)
    USB_HP_CAN1_TX_IRQHandler                0x0800011b   Thumb Code     0  startup_stm32f10x_md.o(.text)
    USB_LP_CAN1_RX0_IRQHandler               0x0800011b   Thumb Code     0  startup_stm32f10x_md.o(.text)
    WWDG_IRQHandler                          0x0800011b   Thumb Code     0  startup_stm32f10x_md.o(.text)
    SystemInit                               0x08000203   Thumb Code    78  system_stm32f10x.o(.text)
    SystemCoreClockUpdate                    0x08000251   Thumb Code   142  system_stm32f10x.o(.text)
    NVIC_PriorityGroupConfig                 0x08000305   Thumb Code    10  misc.o(.text)
    NVIC_Init                                0x0800030f   Thumb Code   100  misc.o(.text)
    NVIC_SetVectorTable                      0x08000373   Thumb Code    14  misc.o(.text)
    NVIC_SystemLPConfig                      0x08000381   Thumb Code    34  misc.o(.text)
    SysTick_CLKSourceConfig                  0x080003a3   Thumb Code    40  misc.o(.text)
    GPIO_DeInit                              0x080003e1   Thumb Code   172  stm32f10x_gpio.o(.text)
    GPIO_AFIODeInit                          0x0800048d   Thumb Code    20  stm32f10x_gpio.o(.text)
    GPIO_Init                                0x080004a1   Thumb Code   278  stm32f10x_gpio.o(.text)
    GPIO_StructInit                          0x080005b7   Thumb Code    16  stm32f10x_gpio.o(.text)
    GPIO_ReadInputDataBit                    0x080005c7   Thumb Code    18  stm32f10x_gpio.o(.text)
    GPIO_ReadInputData                       0x080005d9   Thumb Code     8  stm32f10x_gpio.o(.text)
    GPIO_ReadOutputDataBit                   0x080005e1   Thumb Code    18  stm32f10x_gpio.o(.text)
    GPIO_ReadOutputData                      0x080005f3   Thumb Code     8  stm32f10x_gpio.o(.text)
    GPIO_SetBits                             0x080005fb   Thumb Code     4  stm32f10x_gpio.o(.text)
    GPIO_ResetBits                           0x080005ff   Thumb Code     4  stm32f10x_gpio.o(.text)
    GPIO_WriteBit                            0x08000603   Thumb Code    10  stm32f10x_gpio.o(.text)
    GPIO_Write                               0x0800060d   Thumb Code     4  stm32f10x_gpio.o(.text)
    GPIO_PinLockConfig                       0x08000611   Thumb Code    18  stm32f10x_gpio.o(.text)
    GPIO_EventOutputConfig                   0x08000623   Thumb Code    26  stm32f10x_gpio.o(.text)
    GPIO_EventOutputCmd                      0x0800063d   Thumb Code     6  stm32f10x_gpio.o(.text)
    GPIO_PinRemapConfig                      0x08000643   Thumb Code   138  stm32f10x_gpio.o(.text)
    GPIO_EXTILineConfig                      0x080006cd   Thumb Code    66  stm32f10x_gpio.o(.text)
    GPIO_ETH_MediaInterfaceConfig            0x0800070f   Thumb Code     8  stm32f10x_gpio.o(.text)
    RCC_DeInit                               0x0800073d   Thumb Code    64  stm32f10x_rcc.o(.text)
    RCC_HSEConfig                            0x0800077d   Thumb Code    70  stm32f10x_rcc.o(.text)
    RCC_GetFlagStatus                        0x080007c3   Thumb Code    56  stm32f10x_rcc.o(.text)
    RCC_WaitForHSEStartUp                    0x080007fb   Thumb Code    56  stm32f10x_rcc.o(.text)
    RCC_AdjustHSICalibrationValue            0x08000833   Thumb Code    20  stm32f10x_rcc.o(.text)
    RCC_HSICmd                               0x08000847   Thumb Code     6  stm32f10x_rcc.o(.text)
    RCC_PLLConfig                            0x0800084d   Thumb Code    24  stm32f10x_rcc.o(.text)
    RCC_PLLCmd                               0x08000865   Thumb Code     6  stm32f10x_rcc.o(.text)
    RCC_SYSCLKConfig                         0x0800086b   Thumb Code    18  stm32f10x_rcc.o(.text)
    RCC_GetSYSCLKSource                      0x0800087d   Thumb Code    10  stm32f10x_rcc.o(.text)
    RCC_HCLKConfig                           0x08000887   Thumb Code    18  stm32f10x_rcc.o(.text)
    RCC_PCLK1Config                          0x08000899   Thumb Code    18  stm32f10x_rcc.o(.text)
    RCC_PCLK2Config                          0x080008ab   Thumb Code    20  stm32f10x_rcc.o(.text)
    RCC_ITConfig                             0x080008bf   Thumb Code    26  stm32f10x_rcc.o(.text)
    RCC_USBCLKConfig                         0x080008d9   Thumb Code     8  stm32f10x_rcc.o(.text)
    RCC_ADCCLKConfig                         0x080008e1   Thumb Code    18  stm32f10x_rcc.o(.text)
    RCC_LSEConfig                            0x080008f3   Thumb Code    50  stm32f10x_rcc.o(.text)
    RCC_LSICmd                               0x08000925   Thumb Code     6  stm32f10x_rcc.o(.text)
    RCC_RTCCLKConfig                         0x0800092b   Thumb Code    12  stm32f10x_rcc.o(.text)
    RCC_RTCCLKCmd                            0x08000937   Thumb Code     8  stm32f10x_rcc.o(.text)
    RCC_GetClocksFreq                        0x0800093f   Thumb Code   192  stm32f10x_rcc.o(.text)
    RCC_AHBPeriphClockCmd                    0x080009ff   Thumb Code    26  stm32f10x_rcc.o(.text)
    RCC_APB2PeriphClockCmd                   0x08000a19   Thumb Code    26  stm32f10x_rcc.o(.text)
    RCC_APB1PeriphClockCmd                   0x08000a33   Thumb Code    26  stm32f10x_rcc.o(.text)
    RCC_APB2PeriphResetCmd                   0x08000a4d   Thumb Code    26  stm32f10x_rcc.o(.text)
    RCC_APB1PeriphResetCmd                   0x08000a67   Thumb Code    26  stm32f10x_rcc.o(.text)
    RCC_BackupResetCmd                       0x08000a81   Thumb Code     8  stm32f10x_rcc.o(.text)
    RCC_ClockSecuritySystemCmd               0x08000a89   Thumb Code     6  stm32f10x_rcc.o(.text)
    RCC_MCOConfig                            0x08000a8f   Thumb Code     6  stm32f10x_rcc.o(.text)
    RCC_ClearFlag                            0x08000a95   Thumb Code    14  stm32f10x_rcc.o(.text)
    RCC_GetITStatus                          0x08000aa3   Thumb Code    20  stm32f10x_rcc.o(.text)
    RCC_ClearITPendingBit                    0x08000ab7   Thumb Code     6  stm32f10x_rcc.o(.text)
    TIM_DeInit                               0x08000ae1   Thumb Code   424  stm32f10x_tim.o(.text)
    TIM_TimeBaseInit                         0x08000c89   Thumb Code   122  stm32f10x_tim.o(.text)
    TIM_OC1Init                              0x08000d03   Thumb Code   132  stm32f10x_tim.o(.text)
    TIM_OC2Init                              0x08000d87   Thumb Code   154  stm32f10x_tim.o(.text)
    TIM_OC3Init                              0x08000e21   Thumb Code   150  stm32f10x_tim.o(.text)
    TIM_OC4Init                              0x08000eb7   Thumb Code   182  stm32f10x_tim.o(.text)
    TIM_SetIC4Prescaler                      0x08000f6d   Thumb Code    26  stm32f10x_tim.o(.text)
    TIM_SetIC3Prescaler                      0x08001009   Thumb Code    18  stm32f10x_tim.o(.text)
    TIM_SetIC2Prescaler                      0x08001095   Thumb Code    26  stm32f10x_tim.o(.text)
    TIM_SetIC1Prescaler                      0x08001131   Thumb Code    18  stm32f10x_tim.o(.text)
    TIM_ICInit                               0x080011af   Thumb Code   150  stm32f10x_tim.o(.text)
    TIM_PWMIConfig                           0x08001245   Thumb Code   124  stm32f10x_tim.o(.text)
    TIM_BDTRConfig                           0x080012c1   Thumb Code    32  stm32f10x_tim.o(.text)
    TIM_TimeBaseStructInit                   0x080012e1   Thumb Code    18  stm32f10x_tim.o(.text)
    TIM_OCStructInit                         0x080012f3   Thumb Code    20  stm32f10x_tim.o(.text)
    TIM_ICStructInit                         0x08001307   Thumb Code    18  stm32f10x_tim.o(.text)
    TIM_BDTRStructInit                       0x08001319   Thumb Code    40  stm32f10x_tim.o(.text)
    TIM_Cmd                                  0x08001341   Thumb Code    24  stm32f10x_tim.o(.text)
    TIM_CtrlPWMOutputs                       0x08001359   Thumb Code    30  stm32f10x_tim.o(.text)
    TIM_ITConfig                             0x08001377   Thumb Code    18  stm32f10x_tim.o(.text)
    TIM_GenerateEvent                        0x08001389   Thumb Code     4  stm32f10x_tim.o(.text)
    TIM_DMAConfig                            0x0800138d   Thumb Code    10  stm32f10x_tim.o(.text)
    TIM_DMACmd                               0x08001397   Thumb Code    18  stm32f10x_tim.o(.text)
    TIM_InternalClockConfig                  0x080013a9   Thumb Code    12  stm32f10x_tim.o(.text)
    TIM_SelectInputTrigger                   0x080013b5   Thumb Code    18  stm32f10x_tim.o(.text)
    TIM_ITRxExternalClockConfig              0x080013c7   Thumb Code    24  stm32f10x_tim.o(.text)
    TIM_TIxExternalClockConfig               0x080013df   Thumb Code    62  stm32f10x_tim.o(.text)
    TIM_ETRConfig                            0x0800141d   Thumb Code    28  stm32f10x_tim.o(.text)
    TIM_ETRClockMode1Config                  0x08001439   Thumb Code    54  stm32f10x_tim.o(.text)
    TIM_ETRClockMode2Config                  0x0800146f   Thumb Code    32  stm32f10x_tim.o(.text)
    TIM_PrescalerConfig                      0x0800148f   Thumb Code     6  stm32f10x_tim.o(.text)
    TIM_CounterModeConfig                    0x08001495   Thumb Code    18  stm32f10x_tim.o(.text)
    TIM_EncoderInterfaceConfig               0x080014a7   Thumb Code    66  stm32f10x_tim.o(.text)
    TIM_ForcedOC1Config                      0x080014e9   Thumb Code    18  stm32f10x_tim.o(.text)
    TIM_ForcedOC2Config                      0x080014fb   Thumb Code    26  stm32f10x_tim.o(.text)
    TIM_ForcedOC3Config                      0x08001515   Thumb Code    18  stm32f10x_tim.o(.text)
    TIM_ForcedOC4Config                      0x08001527   Thumb Code    26  stm32f10x_tim.o(.text)
    TIM_ARRPreloadConfig                     0x08001541   Thumb Code    24  stm32f10x_tim.o(.text)
    TIM_SelectCOM                            0x08001559   Thumb Code    24  stm32f10x_tim.o(.text)
    TIM_SelectCCDMA                          0x08001571   Thumb Code    24  stm32f10x_tim.o(.text)
    TIM_CCPreloadControl                     0x08001589   Thumb Code    24  stm32f10x_tim.o(.text)
    TIM_OC1PreloadConfig                     0x080015a1   Thumb Code    18  stm32f10x_tim.o(.text)
    TIM_OC2PreloadConfig                     0x080015b3   Thumb Code    26  stm32f10x_tim.o(.text)
    TIM_OC3PreloadConfig                     0x080015cd   Thumb Code    18  stm32f10x_tim.o(.text)
    TIM_OC4PreloadConfig                     0x080015df   Thumb Code    26  stm32f10x_tim.o(.text)
    TIM_OC1FastConfig                        0x080015f9   Thumb Code    18  stm32f10x_tim.o(.text)
    TIM_OC2FastConfig                        0x0800160b   Thumb Code    26  stm32f10x_tim.o(.text)
    TIM_OC3FastConfig                        0x08001625   Thumb Code    18  stm32f10x_tim.o(.text)
    TIM_OC4FastConfig                        0x08001637   Thumb Code    26  stm32f10x_tim.o(.text)
    TIM_ClearOC1Ref                          0x08001651   Thumb Code    18  stm32f10x_tim.o(.text)
    TIM_ClearOC2Ref                          0x08001663   Thumb Code    24  stm32f10x_tim.o(.text)
    TIM_ClearOC3Ref                          0x0800167b   Thumb Code    18  stm32f10x_tim.o(.text)
    TIM_ClearOC4Ref                          0x0800168d   Thumb Code    24  stm32f10x_tim.o(.text)
    TIM_OC1PolarityConfig                    0x080016a5   Thumb Code    18  stm32f10x_tim.o(.text)
    TIM_OC1NPolarityConfig                   0x080016b7   Thumb Code    18  stm32f10x_tim.o(.text)
    TIM_OC2PolarityConfig                    0x080016c9   Thumb Code    26  stm32f10x_tim.o(.text)
    TIM_OC2NPolarityConfig                   0x080016e3   Thumb Code    26  stm32f10x_tim.o(.text)
    TIM_OC3PolarityConfig                    0x080016fd   Thumb Code    26  stm32f10x_tim.o(.text)
    TIM_OC3NPolarityConfig                   0x08001717   Thumb Code    26  stm32f10x_tim.o(.text)
    TIM_OC4PolarityConfig                    0x08001731   Thumb Code    26  stm32f10x_tim.o(.text)
    TIM_CCxCmd                               0x0800174b   Thumb Code    30  stm32f10x_tim.o(.text)
    TIM_CCxNCmd                              0x08001769   Thumb Code    30  stm32f10x_tim.o(.text)
    TIM_SelectOCxM                           0x08001787   Thumb Code    82  stm32f10x_tim.o(.text)
    TIM_UpdateDisableConfig                  0x080017d9   Thumb Code    24  stm32f10x_tim.o(.text)
    TIM_UpdateRequestConfig                  0x080017f1   Thumb Code    24  stm32f10x_tim.o(.text)
    TIM_SelectHallSensor                     0x08001809   Thumb Code    24  stm32f10x_tim.o(.text)
    TIM_SelectOnePulseMode                   0x08001821   Thumb Code    18  stm32f10x_tim.o(.text)
    TIM_SelectOutputTrigger                  0x08001833   Thumb Code    18  stm32f10x_tim.o(.text)
    TIM_SelectSlaveMode                      0x08001845   Thumb Code    18  stm32f10x_tim.o(.text)
    TIM_SelectMasterSlaveMode                0x08001857   Thumb Code    18  stm32f10x_tim.o(.text)
    TIM_SetCounter                           0x08001869   Thumb Code     4  stm32f10x_tim.o(.text)
    TIM_SetAutoreload                        0x0800186d   Thumb Code     4  stm32f10x_tim.o(.text)
    TIM_SetCompare1                          0x08001871   Thumb Code     4  stm32f10x_tim.o(.text)
    TIM_SetCompare2                          0x08001875   Thumb Code     4  stm32f10x_tim.o(.text)
    TIM_SetCompare3                          0x08001879   Thumb Code     4  stm32f10x_tim.o(.text)
    TIM_SetCompare4                          0x0800187d   Thumb Code     6  stm32f10x_tim.o(.text)
    TIM_SetClockDivision                     0x08001883   Thumb Code    18  stm32f10x_tim.o(.text)
    TIM_GetCapture1                          0x08001895   Thumb Code     6  stm32f10x_tim.o(.text)
    TIM_GetCapture2                          0x0800189b   Thumb Code     6  stm32f10x_tim.o(.text)
    TIM_GetCapture3                          0x080018a1   Thumb Code     6  stm32f10x_tim.o(.text)
    TIM_GetCapture4                          0x080018a7   Thumb Code     8  stm32f10x_tim.o(.text)
    TIM_GetCounter                           0x080018af   Thumb Code     6  stm32f10x_tim.o(.text)
    TIM_GetPrescaler                         0x080018b5   Thumb Code     6  stm32f10x_tim.o(.text)
    TIM_GetFlagStatus                        0x080018bb   Thumb Code    18  stm32f10x_tim.o(.text)
    TIM_ClearFlag                            0x080018cd   Thumb Code     6  stm32f10x_tim.o(.text)
    TIM_GetITStatus                          0x080018d3   Thumb Code    34  stm32f10x_tim.o(.text)
    TIM_ClearITPendingBit                    0x080018f5   Thumb Code     6  stm32f10x_tim.o(.text)
    Show_Modify_Data                         0x080018fd   Thumb Code   574  main.o(.text)
    Show_Modify_Alarm                        0x08001b3b   Thumb Code   220  main.o(.text)
    main                                     0x08001c17   Thumb Code   274  main.o(.text)
    NMI_Handler                              0x08001d29   Thumb Code     2  stm32f10x_it.o(.text)
    HardFault_Handler                        0x08001d2b   Thumb Code     4  stm32f10x_it.o(.text)
    MemManage_Handler                        0x08001d2f   Thumb Code     4  stm32f10x_it.o(.text)
    BusFault_Handler                         0x08001d33   Thumb Code     4  stm32f10x_it.o(.text)
    UsageFault_Handler                       0x08001d37   Thumb Code     4  stm32f10x_it.o(.text)
    SVC_Handler                              0x08001d3b   Thumb Code     2  stm32f10x_it.o(.text)
    DebugMon_Handler                         0x08001d3d   Thumb Code     2  stm32f10x_it.o(.text)
    PendSV_Handler                           0x08001d3f   Thumb Code     2  stm32f10x_it.o(.text)
    SysTick_Handler                          0x08001d41   Thumb Code     2  stm32f10x_it.o(.text)
    TIM4_IRQHandler                          0x08001d43   Thumb Code   428  stm32f10x_it.o(.text)
    LED_GPIO_Config                          0x08001f25   Thumb Code   116  bsp_led.o(.text)
    GENERAL4_TIM_Init                        0x08001fa1   Thumb Code    82  bsp_timbase.o(.text)
    NVIC_Configuration                       0x08001ff3   Thumb Code    40  bsp_timbase.o(.text)
    delay_init                               0x08002021   Thumb Code    50  delay.o(.text)
    delay_us                                 0x08002053   Thumb Code    72  delay.o(.text)
    delay_ms                                 0x0800209b   Thumb Code    72  delay.o(.text)
    IIC_Start                                0x080020f5   Thumb Code    44  bsp_oled.o(.text)
    IIC_Stop                                 0x08002121   Thumb Code    34  bsp_oled.o(.text)
    IIC_Wait_Ack                             0x08002143   Thumb Code    24  bsp_oled.o(.text)
    Write_IIC_Byte                           0x0800215b   Thumb Code    88  bsp_oled.o(.text)
    Write_IIC_Command                        0x080021b3   Thumb Code    44  bsp_oled.o(.text)
    Write_IIC_Data                           0x080021df   Thumb Code    44  bsp_oled.o(.text)
    OLED_WR_Byte                             0x0800220b   Thumb Code    24  bsp_oled.o(.text)
    fill_picture                             0x08002223   Thumb Code    64  bsp_oled.o(.text)
    Delay_50ms                               0x08002263   Thumb Code    22  bsp_oled.o(.text)
    Delay_1ms                                0x08002279   Thumb Code    26  bsp_oled.o(.text)
    OLED_Set_Pos                             0x08002293   Thumb Code    40  bsp_oled.o(.text)
    OLED_Display_On                          0x080022bb   Thumb Code    28  bsp_oled.o(.text)
    OLED_Display_Off                         0x080022d7   Thumb Code    28  bsp_oled.o(.text)
    OLED_Clear                               0x080022f3   Thumb Code    62  bsp_oled.o(.text)
    OLED_On                                  0x08002331   Thumb Code    62  bsp_oled.o(.text)
    OLED_ShowChar                            0x0800236f   Thumb Code   154  bsp_oled.o(.text)
    OLED_ColorTurn                           0x08002409   Thumb Code    28  bsp_oled.o(.text)
    OLED_DisplayTurn                         0x08002425   Thumb Code    44  bsp_oled.o(.text)
    OLED_DrawPoint                           0x08002451   Thumb Code    54  bsp_oled.o(.text)
    oled_pow                                 0x08002487   Thumb Code    22  bsp_oled.o(.text)
    OLED_ShowNum                             0x0800249d   Thumb Code   156  bsp_oled.o(.text)
    OLED_ShowString                          0x08002539   Thumb Code    58  bsp_oled.o(.text)
    OLED_ShowChinese                         0x08002573   Thumb Code    98  bsp_oled.o(.text)
    OLED_ClearPoint                          0x080025d5   Thumb Code    90  bsp_oled.o(.text)
    OLED_DrawBMP                             0x0800262f   Thumb Code   118  bsp_oled.o(.text)
    OLED_Refresh                             0x080026a5   Thumb Code    68  bsp_oled.o(.text)
    OLED_Init                                0x080026e9   Thumb Code   296  bsp_oled.o(.text)
    ds1302_gpio_init                         0x0800281d   Thumb Code    88  ds1302.o(.text)
    ds1032_DATAOUT_init                      0x08002875   Thumb Code    50  ds1302.o(.text)
    ds1032_DATAINPUT_init                    0x080028a7   Thumb Code    34  ds1302.o(.text)
    ds1302_write_onebyte                     0x080028c9   Thumb Code    84  ds1302.o(.text)
    ds1302_wirte_rig                         0x0800291d   Thumb Code    96  ds1302.o(.text)
    ds1302_read_rig                          0x0800297d   Thumb Code   170  ds1302.o(.text)
    ds1302_write_time                        0x08002a27   Thumb Code    80  ds1302.o(.text)
    ds1032_read_time                         0x08002a77   Thumb Code    74  ds1302.o(.text)
    ds1032_read_realTime                     0x08002ac1   Thumb Code   176  ds1302.o(.text)
    RealTime_Display_Init                    0x08002b71   Thumb Code   460  ds1302.o(.text)
    RealTime_Display                         0x08002d3d   Thumb Code   412  ds1302.o(.text)
    Modify_RealTime_Display                  0x08002ed9   Thumb Code   462  ds1302.o(.text)
    DHT11_IO_OUT                             0x080030ad   Thumb Code    38  dht11.o(.text)
    DHT11_IO_IN                              0x080030d3   Thumb Code    32  dht11.o(.text)
    DHT11_Rst                                0x080030f3   Thumb Code    34  dht11.o(.text)
    DHT11_Check                              0x08003115   Thumb Code    78  dht11.o(.text)
    DHT11_Read_Bit                           0x08003163   Thumb Code    76  dht11.o(.text)
    DHT11_Read_Byte                          0x080031af   Thumb Code    30  dht11.o(.text)
    DHT11_Read_Data                          0x080031cd   Thumb Code    88  dht11.o(.text)
    DHT11_Init                               0x08003225   Thumb Code    12  dht11.o(.text)
    KEY_Init                                 0x0800323d   Thumb Code   100  key.o(.text)
    BEEP_Init                                0x080032a5   Thumb Code    50  beep.o(.text)
    __scatterload                            0x080032dd   Thumb Code    28  init.o(.text)
    __scatterload_rt2                        0x080032dd   Thumb Code     0  init.o(.text)
    __decompress                             0x08003301   Thumb Code     0  __dczerorl2.o(.text)
    __decompress1                            0x08003301   Thumb Code    86  __dczerorl2.o(.text)
    __scatterload_copy                       0x08003357   Thumb Code    14  handlers.o(i.__scatterload_copy)
    __scatterload_null                       0x08003365   Thumb Code     2  handlers.o(i.__scatterload_null)
    __scatterload_zeroinit                   0x08003367   Thumb Code    14  handlers.o(i.__scatterload_zeroinit)
    F6x8                                     0x08003374   Data         552  main.o(.constdata)
    F8X16                                    0x0800359c   Data        1520  main.o(.constdata)
    Region$$Table$$Base                      0x08003b8c   Number         0  anon$$obj.o(Region$$Table)
    Region$$Table$$Limit                     0x08003bac   Number         0  anon$$obj.o(Region$$Table)
    SystemCoreClock                          0x20000000   Data           4  system_stm32f10x.o(.data)
    AHBPrescTable                            0x20000004   Data          16  system_stm32f10x.o(.data)
    Hzk1                                     0x20000028   Data        1312  main.o(.data)
    BMP19                                    0x20000548   Data        1024  main.o(.data)
    y                                        0x20000948   Data           1  main.o(.data)
    m                                        0x20000949   Data           1  main.o(.data)
    d                                        0x2000094a   Data           1  main.o(.data)
    h                                        0x2000094b   Data           1  main.o(.data)
    mi                                       0x2000094c   Data           1  main.o(.data)
    w                                        0x2000094d   Data           1  main.o(.data)
    num                                      0x2000094e   Data           1  main.o(.data)
    num2                                     0x2000094f   Data           1  main.o(.data)
    RealTime_Display_flag                    0x20000950   Data           1  main.o(.data)
    Alarm_Hour                               0x20000951   Data           1  main.o(.data)
    Alarm_Minute                             0x20000952   Data           1  main.o(.data)
    Alarm_Clock                              0x20000953   Data           1  main.o(.data)
    Alarm_Clock_flag                         0x20000954   Data           1  main.o(.data)
    Alarm_Clock_num                          0x20000956   Data           2  main.o(.data)
    Alarm_Manual_Stop_flag                   0x20000958   Data           1  main.o(.data)
    DHT11_Read_6s_num                        0x2000095a   Data           2  main.o(.data)
    DHT11_Data_Read_flag                     0x2000095c   Data           1  main.o(.data)
    temperature                              0x2000095d   Data           1  main.o(.data)
    humidity                                 0x2000095e   Data           1  main.o(.data)
    Over_Limit_num                           0x20000960   Data           2  main.o(.data)
    Over_Limit_flag                          0x20000962   Data           1  main.o(.data)
    Over_Limit_Alarm_num                     0x20000964   Data           2  main.o(.data)
    Run_Indicate_num                         0x20000966   Data           2  main.o(.data)
    TimeData                                 0x2000096c   Data           8  ds1302.o(.data)
    read_time                                0x20000974   Data           7  ds1302.o(.data)
    time_buf                                 0x2000097b   Data           8  ds1302.o(.data)
    OLED_GRAM                                0x20000984   Data        1152  main.o(.bss)
    __initial_sp                             0x20001208   Data           0  startup_stm32f10x_md.o(STACK)



==============================================================================

Memory Map of the image

  Image Entry point : 0x08000101

  Load Region LR_1 (Base: 0x08000000, Size: 0x00004530, Max: 0xffffffff, ABSOLUTE, COMPRESSED[0x00004028])

    Execution Region ER_RO (Exec base: 0x08000000, Load base: 0x08000000, Size: 0x00003bac, Max: 0xffffffff, ABSOLUTE)

    Exec Addr    Load Addr    Size         Type   Attr      Idx    E Section Name        Object

    0x08000000   0x08000000   0x000000ec   Data   RO            3    RESET               startup_stm32f10x_md.o
    0x080000ec   0x080000ec   0x00000000   Code   RO          589  * .ARM.Collect$$$$00000000  mc_w.l(entry.o)
    0x080000ec   0x080000ec   0x00000004   Code   RO          592    .ARM.Collect$$$$00000001  mc_w.l(entry2.o)
    0x080000f0   0x080000f0   0x00000004   Code   RO          595    .ARM.Collect$$$$00000004  mc_w.l(entry5.o)
    0x080000f4   0x080000f4   0x00000000   Code   RO          597    .ARM.Collect$$$$00000008  mc_w.l(entry7b.o)
    0x080000f4   0x080000f4   0x00000000   Code   RO          599    .ARM.Collect$$$$0000000A  mc_w.l(entry8b.o)
    0x080000f4   0x080000f4   0x00000008   Code   RO          600    .ARM.Collect$$$$0000000B  mc_w.l(entry9a.o)
    0x080000fc   0x080000fc   0x00000000   Code   RO          602    .ARM.Collect$$$$0000000D  mc_w.l(entry10a.o)
    0x080000fc   0x080000fc   0x00000000   Code   RO          604    .ARM.Collect$$$$0000000F  mc_w.l(entry11a.o)
    0x080000fc   0x080000fc   0x00000004   Code   RO          593    .ARM.Collect$$$$00002712  mc_w.l(entry2.o)
    0x08000100   0x08000100   0x00000024   Code   RO            4  * .text               startup_stm32f10x_md.o
    0x08000124   0x08000124   0x000001e0   Code   RO           24    .text               system_stm32f10x.o
    0x08000304   0x08000304   0x000000dc   Code   RO          121    .text               misc.o
    0x080003e0   0x080003e0   0x0000035c   Code   RO          269    .text               stm32f10x_gpio.o
    0x0800073c   0x0800073c   0x000003a4   Code   RO          317    .text               stm32f10x_rcc.o
    0x08000ae0   0x08000ae0   0x00000e1a   Code   RO          367    .text               stm32f10x_tim.o
    0x080018fa   0x080018fa   0x00000002   PAD
    0x080018fc   0x080018fc   0x0000042c   Code   RO          403    .text               main.o
    0x08001d28   0x08001d28   0x000001fc   Code   RO          449    .text               stm32f10x_it.o
    0x08001f24   0x08001f24   0x0000007c   Code   RO          465    .text               bsp_led.o
    0x08001fa0   0x08001fa0   0x00000080   Code   RO          477    .text               bsp_timbase.o
    0x08002020   0x08002020   0x000000d4   Code   RO          489    .text               delay.o
    0x080020f4   0x080020f4   0x00000728   Code   RO          503    .text               bsp_oled.o
    0x0800281c   0x0800281c   0x00000890   Code   RO          534    .text               ds1302.o
    0x080030ac   0x080030ac   0x00000190   Code   RO          553    .text               dht11.o
    0x0800323c   0x0800323c   0x00000068   Code   RO          565    .text               key.o
    0x080032a4   0x080032a4   0x00000038   Code   RO          577    .text               beep.o
    0x080032dc   0x080032dc   0x00000024   Code   RO          606    .text               mc_w.l(init.o)
    0x08003300   0x08003300   0x00000056   Code   RO          616    .text               mc_w.l(__dczerorl2.o)
    0x08003356   0x08003356   0x0000000e   Code   RO          610    i.__scatterload_copy  mc_w.l(handlers.o)
    0x08003364   0x08003364   0x00000002   Code   RO          611    i.__scatterload_null  mc_w.l(handlers.o)
    0x08003366   0x08003366   0x0000000e   Code   RO          612    i.__scatterload_zeroinit  mc_w.l(handlers.o)
    0x08003374   0x08003374   0x00000818   Data   RO          405    .constdata          main.o
    0x08003b8c   0x08003b8c   0x00000020   Data   RO          608    Region$$Table       anon$$obj.o


    Execution Region ER_RW (Exec base: 0x20000000, Load base: 0x08003bac, Size: 0x00000984, Max: 0xffffffff, ABSOLUTE, COMPRESSED[0x0000047c])

    Exec Addr    Load Addr    Size         Type   Attr      Idx    E Section Name        Object

    0x20000000   COMPRESSED   0x00000014   Data   RW           25    .data               system_stm32f10x.o
    0x20000014   COMPRESSED   0x00000014   Data   RW          318    .data               stm32f10x_rcc.o
    0x20000028   COMPRESSED   0x00000940   Data   RW          406    .data               main.o
    0x20000968   COMPRESSED   0x00000004   Data   RW          490    .data               delay.o
    0x2000096c   COMPRESSED   0x00000017   Data   RW          535    .data               ds1302.o


    Execution Region ER_ZI (Exec base: 0x20000984, Load base: 0x08004028, Size: 0x00000884, Max: 0xffffffff, ABSOLUTE)

    Exec Addr    Load Addr    Size         Type   Attr      Idx    E Section Name        Object

    0x20000984        -       0x00000480   Zero   RW          404    .bss                main.o
    0x20000e04   0x08004028   0x00000004   PAD
    0x20000e08        -       0x00000400   Zero   RW            1    STACK               startup_stm32f10x_md.o


==============================================================================

Image component sizes


      Code (inc. data)   RO Data    RW Data    ZI Data      Debug   Object Name

        56          6          0          0          0        484   beep.o
       124          8          0          0          0        562   bsp_led.o
      1832         30          0          0          0       7230   bsp_oled.o
       128          6          0          0          0        727   bsp_timbase.o
         0          0          0          0          0       4524   core_cm3.o
       212         18          0          4          0       1043   delay.o
       400         12          0          0          0       2383   dht11.o
      2192         52          0         23          0       4823   ds1302.o
       104          4          0          0          0        507   key.o
      1068         72       2072       2368       1152       3289   main.o
       220         22          0          0          0       1921   misc.o
        36          8        236          0       1024        864   startup_stm32f10x_md.o
       860         38          0          0          0       5853   stm32f10x_gpio.o
       508         54          0          0          0       1722   stm32f10x_it.o
       932         36          0         20          0       9056   stm32f10x_rcc.o
      3610         88          0          0          0      22964   stm32f10x_tim.o
       480         38          0         20          0     242983   system_stm32f10x.o

    ----------------------------------------------------------------------
     12764        492       2340       2436       2180     310935   Object Totals
         0          0         32          0          0          0   (incl. Generated)
         2          0          0          1          4          0   (incl. Padding)

    ----------------------------------------------------------------------

      Code (inc. data)   RO Data    RW Data    ZI Data      Debug   Library Member Name

        86          0          0          0          0          0   __dczerorl2.o
         0          0          0          0          0          0   entry.o
         0          0          0          0          0          0   entry10a.o
         0          0          0          0          0          0   entry11a.o
         8          4          0          0          0          0   entry2.o
         4          0          0          0          0          0   entry5.o
         0          0          0          0          0          0   entry7b.o
         0          0          0          0          0          0   entry8b.o
         8          4          0          0          0          0   entry9a.o
        30          0          0          0          0          0   handlers.o
        36          8          0          0          0         68   init.o

    ----------------------------------------------------------------------
       172         16          0          0          0         68   Library Totals
         0          0          0          0          0          0   (incl. Padding)

    ----------------------------------------------------------------------

      Code (inc. data)   RO Data    RW Data    ZI Data      Debug   Library Name

       172         16          0          0          0         68   mc_w.l

    ----------------------------------------------------------------------
       172         16          0          0          0         68   Library Totals

    ----------------------------------------------------------------------

==============================================================================


      Code (inc. data)   RO Data    RW Data    ZI Data      Debug   

     12936        508       2340       2436       2180     310195   Grand Totals
     12936        508       2340       1148       2180     310195   ELF Image Totals (compressed)
     12936        508       2340       1148          0          0   ROM Totals

==============================================================================

    Total RO  Size (Code + RO Data)                15276 (  14.92kB)
    Total RW  Size (RW Data + ZI Data)              4616 (   4.51kB)
    Total ROM Size (Code + RO Data + RW Data)      16424 (  16.04kB)

==============================================================================

